// Jest Snapshot v1, https://goo.gl/fbAQLP

exports[`<Button /> render and generate snapshot 1`] = `
.c0 {
  margin: 6px;
  width: regular;
  height: small;
  color: #2d592d;
  border-radius: 4px;
}

<button
  className="c0"
  color="white"
  disabled={true}
  fontFamily='monospace'
  fontSize='17px'
  fontWeight='bold'
  height="small"
  width="185px"
/>
`;
